> #分辨不同的数据
> help(package="datasets")
> data()
> rivers
  [1]  735  320  325  392  524  450 1459  135  465  600  330  336  280
 [14]  315  870  906  202  329  290 1000  600  505 1450  840 1243  890
 [27]  350  407  286  280  525  720  390  250  327  230  265  850  210
 [40]  630  260  230  360  730  600  306  390  420  291  710  340  217
 [53]  281  352  259  250  470  680  570  350  300  560  900  625  332
 [66] 2348 1171 3710 2315 2533  780  280  410  460  260  255  431  350
 [79]  760  618  338  981 1306  500  696  605  250  411 1054  735  233
 [92]  435  490  310  460  383  375 1270  545  445 1885  380  300  380
[105]  377  425  276  210  800  420  350  360  538 1100 1205  314  237
[118]  610  360  540 1038  424  310  300  444  301  268  620  215  652
[131]  900  525  246  360  529  500  720  270  430  671 1770
> help(mtcars)
> help("mtcars")
> names(euro)
 [1] "ATS" "BEF" "DEM" "ESP" "FIM" "FRF" "IEP" "ITL" "LUF" "NLG" "PTE"
> iris3
, , Setosa

      Sepal L. Sepal W. Petal L. Petal W.
 [1,]      5.1      3.5      1.4      0.2
 [2,]      4.9      3.0      1.4      0.2
 [3,]      4.7      3.2      1.3      0.2
 [4,]      4.6      3.1      1.5      0.2
 [5,]      5.0      3.6      1.4      0.2
 [6,]      5.4      3.9      1.7      0.4
 [7,]      4.6      3.4      1.4      0.3
 [8,]      5.0      3.4      1.5      0.2
 [9,]      4.4      2.9      1.4      0.2
[10,]      4.9      3.1      1.5      0.1
[11,]      5.4      3.7      1.5      0.2
[12,]      4.8      3.4      1.6      0.2
[13,]      4.8      3.0      1.4      0.1
[14,]      4.3      3.0      1.1      0.1
[15,]      5.8      4.0      1.2      0.2
[16,]      5.7      4.4      1.5      0.4
[17,]      5.4      3.9      1.3      0.4
[18,]      5.1      3.5      1.4      0.3
[19,]      5.7      3.8      1.7      0.3
[20,]      5.1      3.8      1.5      0.3
[21,]      5.4      3.4      1.7      0.2
[22,]      5.1      3.7      1.5      0.4
[23,]      4.6      3.6      1.0      0.2
[24,]      5.1      3.3      1.7      0.5
[25,]      4.8      3.4      1.9      0.2
[26,]      5.0      3.0      1.6      0.2
[27,]      5.0      3.4      1.6      0.4
[28,]      5.2      3.5      1.5      0.2
[29,]      5.2      3.4      1.4      0.2
[30,]      4.7      3.2      1.6      0.2
[31,]      4.8      3.1      1.6      0.2
[32,]      5.4      3.4      1.5      0.4
[33,]      5.2      4.1      1.5      0.1
[34,]      5.5      4.2      1.4      0.2
[35,]      4.9      3.1      1.5      0.2
[36,]      5.0      3.2      1.2      0.2
[37,]      5.5      3.5      1.3      0.2
[38,]      4.9      3.6      1.4      0.1
[39,]      4.4      3.0      1.3      0.2
[40,]      5.1      3.4      1.5      0.2
[41,]      5.0      3.5      1.3      0.3
[42,]      4.5      2.3      1.3      0.3
[43,]      4.4      3.2      1.3      0.2
[44,]      5.0      3.5      1.6      0.6
[45,]      5.1      3.8      1.9      0.4
[46,]      4.8      3.0      1.4      0.3
[47,]      5.1      3.8      1.6      0.2
[48,]      4.6      3.2      1.4      0.2
[49,]      5.3      3.7      1.5      0.2
[50,]      5.0      3.3      1.4      0.2

, , Versicolor

      Sepal L. Sepal W. Petal L. Petal W.
 [1,]      7.0      3.2      4.7      1.4
 [2,]      6.4      3.2      4.5      1.5
 [3,]      6.9      3.1      4.9      1.5
 [4,]      5.5      2.3      4.0      1.3
 [5,]      6.5      2.8      4.6      1.5
 [6,]      5.7      2.8      4.5      1.3
 [7,]      6.3      3.3      4.7      1.6
 [8,]      4.9      2.4      3.3      1.0
 [9,]      6.6      2.9      4.6      1.3
[10,]      5.2      2.7      3.9      1.4
[11,]      5.0      2.0      3.5      1.0
[12,]      5.9      3.0      4.2      1.5
[13,]      6.0      2.2      4.0      1.0
[14,]      6.1      2.9      4.7      1.4
[15,]      5.6      2.9      3.6      1.3
[16,]      6.7      3.1      4.4      1.4
[17,]      5.6      3.0      4.5      1.5
[18,]      5.8      2.7      4.1      1.0
[19,]      6.2      2.2      4.5      1.5
[20,]      5.6      2.5      3.9      1.1
[21,]      5.9      3.2      4.8      1.8
[22,]      6.1      2.8      4.0      1.3
[23,]      6.3      2.5      4.9      1.5
[24,]      6.1      2.8      4.7      1.2
[25,]      6.4      2.9      4.3      1.3
[26,]      6.6      3.0      4.4      1.4
[27,]      6.8      2.8      4.8      1.4
[28,]      6.7      3.0      5.0      1.7
[29,]      6.0      2.9      4.5      1.5
[30,]      5.7      2.6      3.5      1.0
[31,]      5.5      2.4      3.8      1.1
[32,]      5.5      2.4      3.7      1.0
[33,]      5.8      2.7      3.9      1.2
[34,]      6.0      2.7      5.1      1.6
[35,]      5.4      3.0      4.5      1.5
[36,]      6.0      3.4      4.5      1.6
[37,]      6.7      3.1      4.7      1.5
[38,]      6.3      2.3      4.4      1.3
[39,]      5.6      3.0      4.1      1.3
[40,]      5.5      2.5      4.0      1.3
[41,]      5.5      2.6      4.4      1.2
[42,]      6.1      3.0      4.6      1.4
[43,]      5.8      2.6      4.0      1.2
[44,]      5.0      2.3      3.3      1.0
[45,]      5.6      2.7      4.2      1.3
[46,]      5.7      3.0      4.2      1.2
[47,]      5.7      2.9      4.2      1.3
[48,]      6.2      2.9      4.3      1.3
[49,]      5.1      2.5      3.0      1.1
[50,]      5.7      2.8      4.1      1.3

, , Virginica

      Sepal L. Sepal W. Petal L. Petal W.
 [1,]      6.3      3.3      6.0      2.5
 [2,]      5.8      2.7      5.1      1.9
 [3,]      7.1      3.0      5.9      2.1
 [4,]      6.3      2.9      5.6      1.8
 [5,]      6.5      3.0      5.8      2.2
 [6,]      7.6      3.0      6.6      2.1
 [7,]      4.9      2.5      4.5      1.7
 [8,]      7.3      2.9      6.3      1.8
 [9,]      6.7      2.5      5.8      1.8
[10,]      7.2      3.6      6.1      2.5
[11,]      6.5      3.2      5.1      2.0
[12,]      6.4      2.7      5.3      1.9
[13,]      6.8      3.0      5.5      2.1
[14,]      5.7      2.5      5.0      2.0
[15,]      5.8      2.8      5.1      2.4
[16,]      6.4      3.2      5.3      2.3
[17,]      6.5      3.0      5.5      1.8
[18,]      7.7      3.8      6.7      2.2
[19,]      7.7      2.6      6.9      2.3
[20,]      6.0      2.2      5.0      1.5
[21,]      6.9      3.2      5.7      2.3
[22,]      5.6      2.8      4.9      2.0
[23,]      7.7      2.8      6.7      2.0
[24,]      6.3      2.7      4.9      1.8
[25,]      6.7      3.3      5.7      2.1
[26,]      7.2      3.2      6.0      1.8
[27,]      6.2      2.8      4.8      1.8
[28,]      6.1      3.0      4.9      1.8
[29,]      6.4      2.8      5.6      2.1
[30,]      7.2      3.0      5.8      1.6
[31,]      7.4      2.8      6.1      1.9
[32,]      7.9      3.8      6.4      2.0
[33,]      6.4      2.8      5.6      2.2
[34,]      6.3      2.8      5.1      1.5
[35,]      6.1      2.6      5.6      1.4
[36,]      7.7      3.0      6.1      2.3
[37,]      6.3      3.4      5.6      2.4
[38,]      6.4      3.1      5.5      1.8
[39,]      6.0      3.0      4.8      1.8
[40,]      6.9      3.1      5.4      2.1
[41,]      6.7      3.1      5.6      2.4
[42,]      6.9      3.1      5.1      2.3
[43,]      5.8      2.7      5.1      1.9
[44,]      6.8      3.2      5.9      2.3
[45,]      6.7      3.3      5.7      2.5
[46,]      6.7      3.0      5.2      2.3
[47,]      6.3      2.5      5.0      1.9
[48,]      6.5      3.0      5.2      2.0
[49,]      6.2      3.4      5.4      2.3
[50,]      5.9      3.0      5.1      1.8

> cars
   speed dist
1      4    2
2      4   10
3      7    4
4      7   22
5      8   16
6      9   10
7     10   18
8     10   26
9     10   34
10    11   17
11    11   28
12    12   14
13    12   20
14    12   24
15    12   28
16    13   26
17    13   34
18    13   34
19    13   46
20    14   26
21    14   36
22    14   60
23    14   80
24    15   20
25    15   26
26    15   54
27    16   32
28    16   40
29    17   32
30    17   40
31    17   50
32    18   42
33    18   56
34    18   76
35    18   84
36    19   36
37    19   46
38    19   68
39    20   32
40    20   48
41    20   52
42    20   56
43    20   64
44    22   66
45    23   54
46    24   70
47    24   92
48    24   93
49    24  120
50    25   85
> #R中向量等于数组
> x<-num[1:5]
Error: object 'num' not found
> x<-[1:5]
Error: unexpected '[' in "x<-["
> x <- [1:5]
Error: unexpected '[' in "x <- ["
> x <- (1:5)
> x <- [1,2,3,4,5]
Error: unexpected '[' in "x <- ["
> y <- (1:3)
> y <- c(1:3)
> x <- 1 2 3 4 5
Error: unexpected numeric constant in "x <- 1 2"
> x <- c(1 2 3 4 5)
Error: unexpected numeric constant in "x <- c(1 2"
> x <- c(1,2,3,4,5)
> y <- c(one,two,three)
Error: object 'one' not found
> y <- c("one","two","three")
> z <- c(TRUE,T,F)
> Z
Error: object 'Z' not found
> z
[1]  TRUE  TRUE FALSE
> c(1:100)
  [1]   1   2   3   4   5   6   7   8   9  10  11  12  13  14  15  16
 [17]  17  18  19  20  21  22  23  24  25  26  27  28  29  30  31  32
 [33]  33  34  35  36  37  38  39  40  41  42  43  44  45  46  47  48
 [49]  49  50  51  52  53  54  55  56  57  58  59  60  61  62  63  64
 [65]  65  66  67  68  69  70  71  72  73  74  75  76  77  78  79  80
 [81]  81  82  83  84  85  86  87  88  89  90  91  92  93  94  95  96
 [97]  97  98  99 100
> seq(from=1,to=100)
  [1]   1   2   3   4   5   6   7   8   9  10  11  12  13  14  15  16
 [17]  17  18  19  20  21  22  23  24  25  26  27  28  29  30  31  32
 [33]  33  34  35  36  37  38  39  40  41  42  43  44  45  46  47  48
 [49]  49  50  51  52  53  54  55  56  57  58  59  60  61  62  63  64
 [65]  65  66  67  68  69  70  71  72  73  74  75  76  77  78  79  80
 [81]  81  82  83  84  85  86  87  88  89  90  91  92  93  94  95  96
 [97]  97  98  99 100
> seq(from=1,to=100,by=2)
 [1]  1  3  5  7  9 11 13 15 17 19 21 23 25 27 29 31 33 35 37 39 41 43
[23] 45 47 49 51 53 55 57 59 61 63 65 67 69 71 73 75 77 79 81 83 85 87
[45] 89 91 93 95 97 99
> seq(from=1,to=100,length.out=10)
 [1]   1  12  23  34  45  56  67  78  89 100
> ?replications
> rep(2,5)
[1] 2 2 2 2 2
> rep(x,5)
 [1] 1 2 3 4 5 1 2 3 4 5 1 2 3 4 5 1 2 3 4 5 1 2 3 4 5
> rep(x,each=5)
 [1] 1 1 1 1 1 2 2 2 2 2 3 3 3 3 3 4 4 4 4 4 5 5 5 5 5
> ?rep
> rep(x,each=5,times=2)
 [1] 1 1 1 1 1 2 2 2 2 2 3 3 3 3 3 4 4 4 4 4 5 5 5 5 5 1 1 1 1 1 2 2 2 2
[35] 2 3 3 3 3 3 4 4 4 4 4 5 5 5 5 5
> a <- c(1,2,"one")
> a
[1] "1"   "2"   "one"
> mode(a)
[1] "character"
> mode(z)
[1] "logical"
> a =2
> b=3
> c="HELLO"
> d=TRUE
> a,b,c,d
Error: unexpected ',' in "a,"
> a;b;c;d
[1] 2
[1] 3
[1] "HELLO"
[1] TRUE
> a+b
[1] 5
> x <- c(1,2,3,4,5)
> y <- c(6,7,8,9,10)
> x
[1] 1 2 3 4 5
> y
[1]  6  7  8  9 10
> 1*2+6
[1] 8
> x*2+y
[1]  8 11 14 17 20
> x(x>3)
Error in x(x > 3) : could not find function "x"
> x[x>3}
Error: unexpected '}' in "x[x>3}"
> x[x>3]
[1] 4 5
> rep(x,c(2,4,6,1,3))
 [1] 1 1 2 2 2 2 3 3 3 3 3 3 4 5 5 5
> 
